// Jest Snapshot v1, https://goo.gl/fbAQLP

exports[`Should be able to render Rust Models and should log expected output to console 1`] = `
Array [
  Array [
    "// Customer represents a Customer model.
#[derive(Clone, Debug, PartialEq, Default, Serialize, Deserialize)]
pub struct Customer {
  #[serde(rename = \\"email\\", skip_serializing_if = \\"Option::is_none\\")]
  pub email: Option<String>,
  #[serde(rename = \\"settings\\", skip_serializing_if = \\"Option::is_none\\")]
  pub settings: Option<Box<crate::models::ComponentsSchemasSettings>>,
}",
  ],
  Array [
    "// ComponentsSchemasSettingsExampleTupleType represents field example_tuple_type from #/components/schemas/Settings model.
#[derive(Clone, Debug, PartialEq, Default, Serialize, Deserialize)]
pub struct ComponentsSchemasSettingsExampleTupleType(String, f64);
// ComponentsSchemasSettings represents a ComponentsSchemasSettings model.
#[derive(Clone, Debug, PartialEq, Default, Serialize, Deserialize)]
pub struct ComponentsSchemasSettings {
  #[serde(rename = \\"cities\\", skip_serializing_if = \\"Option::is_none\\")]
  pub cities: Option<Box<crate::models::Cities>>,
  #[serde(rename = \\"click_options\\", skip_serializing_if = \\"Option::is_none\\")]
  pub click_options: Option<Box<crate::models::ClickOptions>>,
  #[serde(rename = \\"options\\", skip_serializing_if = \\"Option::is_none\\")]
  pub options: Option<Box<crate::models::Options>>,
  #[serde(rename = \\"example_nested_object\\", skip_serializing_if = \\"Option::is_none\\")]
  pub example_nested_object: Option<Box<crate::models::ExampleNestedObjects>>,
  #[serde(rename = \\"example_tuple_type\\", skip_serializing_if = \\"Option::is_none\\")]
  pub example_tuple_type: Option<Box<ComponentsSchemasSettingsExampleTupleType>>,
}",
  ],
  Array [
    "// Cities enum of type: String
#[derive(Clone, Copy, Debug, Eq, PartialEq, Ord, PartialOrd, Hash, Serialize, Deserialize)]
pub enum Cities {
  #[serde(rename = \\"London\\")]
  London,
  #[serde(rename = \\"Rome\\")]
  Rome,
  #[serde(rename = \\"Brussels\\")]
  Brussels,
}",
  ],
  Array [
    "// ClickOptions enum of type: String
#[derive(Clone, Copy, Debug, Eq, PartialEq, Ord, PartialOrd, Hash, Serialize, Deserialize)]
pub enum ClickOptions {
  #[serde(rename = \\"click_and_play\\")]
  ClickAndPlay,
  #[serde(rename = \\"click&pay\\")]
  ClickPay,
}",
  ],
  Array [
    "// Options enum of type: i32
#[derive(Clone, Copy, Debug, Eq, PartialEq, Ord, PartialOrd, Hash, Serialize, Deserialize)]
pub enum Options {
  #[serde(rename = \\"first_option\\")]
  FirstOption,
  #[serde(rename = \\"second_option\\")]
  SecondOption,
}",
  ],
  Array [
    "// ExampleNestedObjects represents a ExampleNestedObjects model.
#[derive(Clone, Debug, PartialEq, Default, Serialize, Deserialize)]
pub struct ExampleNestedObjects {
  #[serde(rename = \\"street_name\\", skip_serializing_if = \\"Option::is_none\\")]
  pub street_name: Option<String>,
  #[serde(rename = \\"additionalProperties\\")]
  pub additional_properties: HashMap<String, Box<crate::models::AdditionalProperties>>,
}",
  ],
  Array [
    "// Customer represents a Customer model.
#[derive(Clone, Debug, PartialEq, Default, Serialize, Deserialize)]
pub struct Customer {
  #[serde(rename = \\"email\\", skip_serializing_if = \\"Option::is_none\\")]
  pub email: Option<String>,
  #[serde(rename = \\"settings\\", skip_serializing_if = \\"Option::is_none\\")]
  pub settings: Option<Box<crate::models::ComponentsSchemasSettings>>,
}",
  ],
  Array [
    "// ComponentsSchemasSettingsExampleTupleType represents field example_tuple_type from #/components/schemas/Settings model.
#[derive(Clone, Debug, PartialEq, Default, Serialize, Deserialize)]
pub struct ComponentsSchemasSettingsExampleTupleType(String, f64);
// ComponentsSchemasSettings represents a ComponentsSchemasSettings model.
#[derive(Clone, Debug, PartialEq, Default, Serialize, Deserialize)]
pub struct ComponentsSchemasSettings {
  #[serde(rename = \\"cities\\", skip_serializing_if = \\"Option::is_none\\")]
  pub cities: Option<Box<crate::models::Cities>>,
  #[serde(rename = \\"click_options\\", skip_serializing_if = \\"Option::is_none\\")]
  pub click_options: Option<Box<crate::models::ClickOptions>>,
  #[serde(rename = \\"options\\", skip_serializing_if = \\"Option::is_none\\")]
  pub options: Option<Box<crate::models::Options>>,
  #[serde(rename = \\"example_nested_object\\", skip_serializing_if = \\"Option::is_none\\")]
  pub example_nested_object: Option<Box<crate::models::ExampleNestedObjects>>,
  #[serde(rename = \\"example_tuple_type\\", skip_serializing_if = \\"Option::is_none\\")]
  pub example_tuple_type: Option<Box<ComponentsSchemasSettingsExampleTupleType>>,
}",
  ],
  Array [
    "// Cities enum of type: String
#[derive(Clone, Copy, Debug, Eq, PartialEq, Ord, PartialOrd, Hash, Serialize, Deserialize)]
pub enum Cities {
  #[serde(rename = \\"London\\")]
  London,
  #[serde(rename = \\"Rome\\")]
  Rome,
  #[serde(rename = \\"Brussels\\")]
  Brussels,
}",
  ],
  Array [
    "// ClickOptions enum of type: String
#[derive(Clone, Copy, Debug, Eq, PartialEq, Ord, PartialOrd, Hash, Serialize, Deserialize)]
pub enum ClickOptions {
  #[serde(rename = \\"click_and_play\\")]
  ClickAndPlay,
  #[serde(rename = \\"click&pay\\")]
  ClickPay,
}",
  ],
  Array [
    "// Options enum of type: i32
#[derive(Clone, Copy, Debug, Eq, PartialEq, Ord, PartialOrd, Hash, Serialize, Deserialize)]
pub enum Options {
  #[serde(rename = \\"first_option\\")]
  FirstOption,
  #[serde(rename = \\"second_option\\")]
  SecondOption,
}",
  ],
  Array [
    "// ExampleNestedObjects represents a ExampleNestedObjects model.
#[derive(Clone, Debug, PartialEq, Default, Serialize, Deserialize)]
pub struct ExampleNestedObjects {
  #[serde(rename = \\"street_name\\", skip_serializing_if = \\"Option::is_none\\")]
  pub street_name: Option<String>,
  #[serde(rename = \\"additionalProperties\\")]
  pub additional_properties: HashMap<String, Box<crate::models::AdditionalProperties>>,
}",
  ],
]
`;
